// Jest Snapshot v1, https://goo.gl/fbAQLP

exports[`renders correctly in the browser 1`] = `"<h1 class=\\"a b c\\">Hello from Preact!<sub class=\\"a d\\">and Styletron!</sub></h1>"`;

exports[`renders correctly on the server 1`] = `
Object {
  "css": "<style class=\\"_styletron_hydrate_\\">.c:hover{background-color:#00456e}.a{color:#005689}.b{font-size:16px}.d{font-size:12px}</style>",
  "html": "<h1 class=\\"a b c\\">Hello from Preact!<sub class=\\"a d\\">and Styletron!</sub></h1>",
}
`;
